	1:token 2:lexme 3:lineno 4:columnno 5:attribute


	INT	int	3	0
	ID	f	3	4	0x7ffc090814a0
	LPAREN	(	3	5
	RPAREN	)	3	6
	LBRACE	{	3	7
	INT	int	4	1
	ID	a	4	5	0x55ed9fb404d0
	SEMICOLON	;	4	6
	ID	a	5	1	0x55ed9fb404d0
	ASSIGN	=	5	3
	DECIMIAL	0	5	5	0
	SEMICOLON	;	5	6
	WHILE	while	6	1
	LPAREN	(	6	6
	ID	a	6	7	0x55ed9fb404d0
	LESS	<	6	8
	DECIMIAL	10	6	9	10
	RPAREN	)	6	11
	LBRACE	{	6	12
	ID	a	7	2	0x55ed9fb465f0
	ASSIGN	=	7	4
	ID	a	7	6	0x55ed9fb465f0
	MUL	*	7	8
	DECIMIAL	2345	7	10	2345
	SEMICOLON	;	7	14
	RBRACE	}	8	1
	RETURN	return	9	1
	ID	a	9	8	0x55ed9fb404d0
	SEMICOLON	;	9	9
	RBRACE	}	10	0
	INT	int	12	0
	ID	main	12	4	0x7ffc090814a0
	LPAREN	(	12	8
	RPAREN	)	12	9
	LBRACE	{	12	10
	INT	int	13	1
	ID	_testid	13	5	0x55ed9fb466c0
	SEMICOLON	;	13	12
	ID	_testid	14	1	0x55ed9fb466c0
	ASSIGN	=	14	9
	DECIMIAL	0	14	11	0
	SEMICOLON	;	14	12
	IF	if	15	1
	LPAREN	(	15	3
	ID	_testid	15	4	0x55ed9fb466c0
	EQUAL	==	15	11
	DECIMIAL	0	15	13	0
	RPAREN	)	15	14
	LBRACE	{	15	15
	INT	int	16	2
	ID	_testid	16	6	0x55ed9fb46740
	SEMICOLON	;	16	13
	INT	int	17	2
	ID	_testid2	17	6	0x55ed9fb46740
	SEMICOLON	;	17	14
	ID	_testid1	18	2	0x55ed9fb46740
	ASSIGN	=	18	10
	ID	_testid1	18	11	0x55ed9fb46740
	ADD	+	18	19
	DECIMIAL	1	18	20	1
	SEMICOLON	;	18	21
	RBRACE	}	19	1
	LBRACE	{	23	1
	INT	int	24	2
	ID	a	24	6	0x55ed9fb467c0
	SEMICOLON	;	24	7
	RBRACE	}	25	1
	LBRACE	{	26	1
	INT	int	27	2
	ID	a	27	6	0x55ed9fb467f0
	SEMICOLON	;	27	7
	RBRACE	}	28	1
	INT	int	29	1
	ID	b	29	5	0x55ed9fb466c0
	SEMICOLON	;	29	6
	RETURN	return	30	1
	DECIMIAL	0	30	8	0
	SEMICOLON	;	30	9
	RBRACE	}	31	0
